device: xpu
loading 416 basins...
windows: 5,428,023 train / 454,550 val / 1,819,212 test
epoch 0: loss 0.2386  val NSE(norm) +0.787  444s
epoch 1: loss 0.1891  val NSE(norm) +0.799  463s
epoch 2: loss 0.1725  val NSE(norm) +0.808  443s
epoch 3: loss 0.1701  val NSE(norm) +0.808  446s
epoch 4: loss 0.1699  val NSE(norm) +0.826  454s
epoch 5: loss 0.1650  val NSE(norm) +0.819  465s
epoch 6: loss 0.1605  val NSE(norm) +0.828  461s
epoch 7: loss 0.1610  val NSE(norm) +0.833  450s
epoch 8: loss 0.1565  val NSE(norm) +0.830  472s
epoch 9: loss 0.1522  val NSE(norm) +0.816  460s
epoch 10: loss 0.1539  val NSE(norm) +0.833  479s
epoch 11: loss 0.1452  val NSE(norm) +0.834  476s
epoch 12: loss 0.1445  val NSE(norm) +0.836  482s
epoch 13: loss 0.1527  val NSE(norm) +0.826  456s
epoch 14: loss 0.1465  val NSE(norm) +0.836  455s
epoch 15: loss 0.1505  val NSE(norm) +0.841  471s
test inference...
wrote experiments\results\lstm_fc_perfect_L3\lstm_test_predictions.parquet (1,819,212 rows)
score it back on the main machine with experiments/evaluate.py
