=== level chain start Sat Sep 19 03:54:40 PM BST 2026
  217 stations, 4,121,481 rows in 14s
L1: 1,649,229 train rows, fitted in 67s
L1: wrote level_fc_L1.parquet (627,830 test rows, 217 stations)
  217 stations, 4,121,481 rows in 14s
L2: 1,710,119 train rows, fitted in 73s
L2: wrote level_fc_L2.parquet (651,934 test rows, 217 stations)
  217 stations, 4,121,481 rows in 14s
L3: 1,708,932 train rows, fitted in 74s
L3: wrote level_fc_L3.parquet (652,146 test rows, 217 stations)
=== LEVEL CHAIN DONE Sat Sep 19 03:59:27 PM BST 2026
=== water-day repull start Sat Sep 19 04:01:30 PM BST 2026
219 catchments
[1/219] 22001 (3df7a9c3): 15,873 level days 1963-10-31..2026-05-04 in 8s
[2/219] 22006 (c0744418): 16,285 level days 1963-03-05..2026-09-17 in 7s
[3/219] 22007 (9af510f4): 16,342 level days 1963-03-05..2026-05-04 in 7s
[4/219] 22009 (13d2950b): 16,316 level days 1972-06-01..2026-09-17 in 6s
[5/219] 23001 (e786e60f): 16,135 level days 1956-10-01..2026-09-17 in 7s
[6/219] 23004 (24db5f34): 17,577 level days 1968-01-01..2026-09-17 in 7s
[7/219] 23006 (7c139149): 19,692 level days 1966-10-01..2026-09-17 in 6s
[8/219] 23007 (1fede3ae): 16,204 level days 1962-11-01..2026-09-17 in 6s
[9/219] 23008 (127b5107): 16,160 level days 1968-10-01..2026-09-17 in 6s
[10/219] 23011 (f4e33ecf): 15,946 level days 1970-07-01..2026-09-17 in 7s
[11/219] 24001 (ddedb4d9): 16,215 level days 1957-10-01..2026-09-17 in 7s
[12/219] 24003 (b29c481a): 16,153 level days 1958-10-01..2026-09-17 in 8s
[13/219] 24004 (5b0b598c): 15,556 level days 1959-10-01..2026-09-17 in 6s
[14/219] 24005 (39b9499d): 16,265 level days 1954-12-01..2026-09-17 in 6s
[15/219] 25001 (6add4e80): 16,277 level days 1956-10-01..2026-09-17 in 6s
[16/219] 25006 (838150ce): 16,286 level days 1960-10-01..2026-09-17 in 6s
[17/219] 25012 (fa869369): 16,269 level days 1969-09-01..2026-09-17 in 5s
[18/219] 25020 (226bb174): 16,284 level days 1972-11-08..2026-08-18 in 5s
[19/219] 27001 (7fec3a84): 21,512 level days 1942-01-01..2026-08-10 in 6s
[20/219] 27003 (daa47a41): 18,182 level days 1976-10-01..2026-09-17 in 5s
[21/219] 27006 (a9b52c38): 21,204 level days 1957-10-01..2026-09-17 in 7s
[22/219] 27007 (e2db454d): 21,435 level days 1959-01-01..2026-09-17 in 7s
[23/219] 27009 (213d70b2): 20,691 level days 1969-09-18..2026-09-17 in 6s
[24/219] 27021 (11190c65): 20,925 level days 1959-07-01..2026-09-17 in 6s
[25/219] 27023 (397596af): 22,274 level days 1960-03-01..2026-09-17 in 6s
[26/219] 27025 (ccd2dcd2): 18,779 level days 1974-12-28..2026-09-17 in 5s
[27/219] 27026 (e022dc85): 17,075 level days 1964-01-01..2026-09-17 in 6s
[28/219] 27029 (3e6fbf1a): 21,639 level days 1966-04-05..2026-09-17 in 7s
[29/219] 27030 (f22f80f8): 20,415 level days 1956-10-29..2026-09-17 in 6s
[30/219] 27034 (41d13879): 20,070 level days 1968-01-01..2026-09-17 in 6s
[31/219] 27035 (351f05c7): 19,667 level days 1966-11-28..2026-09-17 in 5s
[32/219] 27042 (b990584a): 19,930 level days 1972-01-17..2026-09-17 in 6s
[33/219] 27047 (37772543): 19,570 level days 1966-06-01..2026-09-17 in 6s
[34/219] 27071 (d1a229c2): 16,857 level days 1980-05-29..2026-08-10 in 5s
[35/219] 28001 (cad502d9): 19,821 level days 1933-01-01..2026-09-17 in 6s
[36/219] 28008 (d173a23d): 25,702 level days 1953-04-15..2026-09-17 in 7s
[37/219] 28009 (0dcf81cb): 22,484 level days 1958-09-16..2026-09-17 in 6s
[38/219] 28012 (24cb6c6b): 20,998 level days 1965-10-01..2026-09-17 in 6s
[39/219] 28018 (99d4811b): 23,739 level days 1961-07-28..2026-09-17 in 6s
[40/219] 28022 (15eae722): 20,720 level days 1969-10-03..2026-09-17 in 6s
[41/219] 28024 (f62ffa59): 19,974 level days 1967-06-28..2026-09-16 in 6s
[42/219] 28026 (1b5d160c): 21,582 level days 1966-09-07..2026-09-17 in 6s
[43/219] 28031 (849b6df0): 21,179 level days 1968-04-09..2026-09-17 in 6s
[44/219] 28039 (6e354c27): 19,609 level days 1967-04-14..2026-09-17 in 6s
[45/219] 28040 (8a2f47f1): 21,147 level days 1968-03-29..2026-09-17 in 6s
[46/219] 28043 (02ae6414): 20,992 level days 1968-11-01..2026-09-17 in 7s
[47/219] 28046 (73ee60b4): 20,885 level days 1969-06-03..2026-09-17 in 6s
[48/219] 28048 (da031053): 20,295 level days 1971-01-13..2026-09-17 in 6s
[49/219] 28050 (5073a5e4): 20,083 level days 1971-06-01..2026-09-17 in 5s
[50/219] 28052 (3f539484): 20,291 level days 1971-01-18..2026-08-11 in 3s
[51/219] 28067 (370cba4c): 19,453 level days 1973-05-01..2026-09-17 in 6s
[52/219] 28080 (6b62b651): 16,348 level days 1981-11-01..2026-09-17 in 5s
[53/219] 28082 (d1df8d19): 16,339 level days 1971-08-01..2026-09-17 in 5s
[54/219] 28085 (6ff82c44): 15,013 level days 1935-10-02..2026-09-17 in 5s
[55/219] 29003 (be0a7858): 16,975 level days 1968-07-05..2026-09-17 in 5s
[56/219] 30012 (72f71a49): 16,701 level days 1970-12-01..2026-09-17 in 5s
[57/219] 30014 (6b0cab32): 17,001 level days 1979-11-07..2026-09-17 in 5s
[58/219] 32004 (ddd4ea67): 15,874 level days 1943-12-01..2026-09-17 in 5s
[59/219] 33007 (77f98c5f): 17,423 level days 1953-09-01..2026-09-17 in 6s
[60/219] 33012 (183111ef): 15,906 level days 1960-05-01..2026-09-17 in 6s
[61/219] 33014 (22a659a4): 17,492 level days 1960-11-01..2026-09-17 in 5s
[62/219] 33018 (44dca848): 16,392 level days 1962-01-25..2026-09-17 in 5s
[63/219] 33019 (f357a614): 16,940 level days 1962-12-01..2026-09-17 in 5s
[64/219] 33021 (0daf6ff9): 16,660 level days 1962-10-01..2026-09-17 in 6s
[65/219] 33022 (38c8cce6): 19,458 level days 1959-08-01..2026-09-17 in 6s
[66/219] 33023 (e1d6ff27): 23,092 level days 1962-11-05..2026-09-17 in 6s
[67/219] 33024 (d8247910): 16,304 level days 1949-02-21..2026-09-17 in 6s
[68/219] 33028 (912a6d1f): 16,897 level days 1966-10-01..2026-09-17 in 5s
[69/219] 33031 (cabb0f6a): 13,990 level days 1970-11-18..2026-09-17 in 5s
[70/219] 33032 (de27ad02): 17,149 level days 1965-10-25..2026-09-17 in 5s
[71/219] 33033 (35d60d64): 17,067 level days 1974-01-01..2026-09-17 in 5s
[72/219] 33034 (86993eff): 16,427 level days 1968-03-20..2026-09-17 in 5s
[73/219] 33039 (3c43b72d): 16,905 level days 1972-10-23..2026-09-17 in 5s
[74/219] 33053 (1c1e42b5): 10,605 level days 1949-02-16..2026-09-17 in 5s
[75/219] 34003 (895e30b6): 16,213 level days 1959-06-01..2026-09-17 in 5s
[76/219] 34010 (f8b80146): 16,714 level days 1968-04-01..2026-09-17 in 5s
[77/219] 34011 (0b351234): 16,130 level days 1966-05-01..2026-09-17 in 5s
[78/219] 35003 (49aac0d2): 16,756 level days 1961-10-01..2026-09-17 in 5s
[79/219] 35008 (a9bb3fc0): 15,868 level days 1964-04-01..2026-09-17 in 6s
[80/219] 36003 (57b5cc50): 10,747 level days 1961-01-06..2026-09-17 in 5s
[81/219] 36006 (1aa8057c): 16,706 level days 1962-10-01..2026-09-17 in 5s
[82/219] 36009 (8c7fe5ef): 10,648 level days 1968-06-01..2026-09-17 in 4s
[83/219] 36010 (888a1773): 16,788 level days 1968-03-29..2026-09-17 in 5s
[84/219] 36011 (2ec6d59e): 16,571 level days 1968-03-15..2026-09-17 in 4s
[85/219] 36012 (a491d243): 16,728 level days 1968-04-01..2026-09-17 in 5s
[86/219] 37001 (f868632b): 15,365 level days 1950-01-19..2026-09-17 in 5s
[87/219] 37005 (c126ae2b): 16,934 level days 1959-10-01..2026-09-17 in 5s
[88/219] 37008 (8dfc9b31): 16,773 level days 1965-11-18..2026-09-17 in 5s
[89/219] 37009 (9318c925): 16,909 level days 1962-06-01..2026-09-17 in 6s
[90/219] 37010 (2a87d87d): 16,750 level days 1962-10-01..2026-09-17 in 5s
[91/219] 37011 (279d5197): 16,733 level days 1963-07-30..2026-09-17 in 5s
[92/219] 37018 (d0bdea3c): 15,851 level days 1970-11-01..2026-09-17 in 5s
[93/219] 37019 (6dba8818): 16,024 level days 1965-07-01..2026-09-17 in 5s
[94/219] 37020 (bf679fd0): 16,734 level days 1970-05-01..2026-09-17 in 5s
[95/219] 38003 (e61b060b): 16,188 level days 1952-12-01..2026-09-17 in 6s
[96/219] 38007 (250bacb0): 16,258 level days 1953-10-01..2026-09-17 in 6s
[97/219] 38014 (cfb660d2): 16,232 level days 1956-03-27..2026-09-17 in 6s
[98/219] 38017 (3281b3cf): 15,422 level days 1970-06-01..2026-09-17 in 5s
[99/219] 38018 (814e58ed): 14,906 level days 1959-04-01..2026-09-17 in 5s
[100/219] 38021 (2a9abb32): 15,247 level days 1971-09-01..2026-09-17 in 5s
[101/219] 39001 (8496ce69): 14,490 level days 1883-10-01..2026-09-16 in 6s
[102/219] 39006 (37f9d60e): 462 level days 1950-10-01..2025-01-10 in 4s
[103/219] 39010 (cb5596d4): 14,430 level days 1952-10-01..2026-09-17 in 5s
[104/219] 39011 (a99b0223): 14,389 level days 1954-10-01..2026-09-16 in 5s
[105/219] 39012 (63b6ae06): 14,801 level days 1956-05-01..2026-09-16 in 5s
[106/219] 39014 (c2f93251): 14,636 level days 1956-10-01..2026-09-17 in 5s
[107/219] 39016 (0d1806ff): 14,011 level days 1969-03-03..2025-03-31 in 3s
[108/219] 39020 (c011ca8b): 14,318 level days 1961-10-01..2026-09-16 in 5s
[109/219] 39023 (678aa360): 14,685 level days 1964-11-28..2026-09-16 in 5s
[110/219] 39025 (e18394ec): 14,476 level days 1967-10-01..2026-09-16 in 5s
[111/219] 39027 (d65f7681): 14,282 level days 1968-11-14..2026-09-16 in 5s
[112/219] 39028 (78df8fd0): 14,628 level days 1968-04-01..2026-09-16 in 5s
[113/219] 39029 (70e18a89): 14,276 level days 1968-05-09..2026-09-16 in 5s
[114/219] 39035 (af27ed26): 14,368 level days 1969-10-01..2026-09-16 in 5s
[115/219] 39036 (a185e5ce): 14,170 level days 1968-10-01..2026-08-11 in 5s
[116/219] 39037 (f04ca4c9): 14,283 level days 1972-02-01..2026-09-16 in 5s
[117/219] 39042 (ef76b105): 14,420 level days 1972-10-01..2026-09-16 in 5s
[118/219] 39052 (5174c02a): 14,523 level days 1957-10-01..2026-09-16 in 5s
[119/219] 39061 (94374942): 12,795 level days 1971-01-04..2026-09-17 in 5s
[120/219] 39081 (c257f8de): 14,457 level days 1962-10-01..2026-09-16 in 5s
[121/219] 40005 (9bc3045c): 19,835 level days 1958-10-01..2026-09-16 in 5s
[122/219] 40009 (3eb60c5b): 20,312 level days 1961-10-01..2026-09-16 in 5s
[123/219] 41005 (887950f8): 16,367 level days 1960-03-01..2026-09-16 in 5s
[124/219] 41006 (b5ee078f): 16,428 level days 1964-10-01..2026-09-14 in 5s
[125/219] 41011 (e3990cb0): 16,550 level days 1966-11-01..2026-09-16 in 5s
[126/219] 41022 (3ef2040c): 16,477 level days 1970-04-10..2026-09-16 in 5s
[127/219] 41023 (adb38d87): 15,686 level days 1971-08-01..2026-09-16 in 5s
[128/219] 41027 (7713b538): 16,483 level days 1972-11-01..2026-09-16 in 5s
[129/219] 42001 (4d693468): 16,264 level days 1975-07-01..2026-09-16 in 5s
[130/219] 42008 (a3c4766d): 16,450 level days 1970-07-01..2026-09-16 in 5s
[131/219] 43005 (ea442d7a): 14,416 level days 1965-02-01..2026-09-17 in 5s
[132/219] 43006 (439b85d9): 14,155 level days 1966-01-01..2026-09-17 in 5s
[133/219] 43007 (b21aa11b): 14,429 level days 1973-01-01..2026-09-17 in 5s
[134/219] 43008 (de59cc50): 15,210 level days 1967-01-01..2026-09-17 in 5s
[135/219] 43009 (fb9489af): 14,299 level days 1968-03-01..2026-09-17 in 5s
[136/219] 43014 (b0d98d93): 14,385 level days 1971-10-01..2026-09-17 in 5s
[137/219] 43017 (b0d98d93): 14,412 level days 1971-10-01..2026-09-17 in 5s
[138/219] 44002 (5ea01221): 12,636 level days 1964-01-01..2026-09-17 in 5s
[139/219] 44006 (4485824a): 12,634 level days 1969-12-01..2026-09-17 in 4s
[140/219] 45001 (3c4d4f78): 25,666 level days 1956-04-30..2026-09-16 in 7s
[141/219] 45003 (d2dcdeb9): 23,565 level days 1962-01-29..2026-09-16 in 6s
[142/219] 45004 (65e90cf2): 22,557 level days 1964-11-05..2026-09-17 in 7s
[143/219] 45005 (529f9197): 23,322 level days 1962-09-30..2026-09-16 in 6s
[144/219] 45009 (34202203): 22,017 level days 1966-04-28..2026-09-17 in 5s
[145/219] 45012 (4818c69b): 22,670 level days 1964-03-23..2026-09-16 in 6s
[146/219] 46003 (fd8ea26c): 24,784 level days 1958-09-30..2026-09-17 in 6s
[147/219] 46005 (723a8fc4): 22,775 level days 1964-03-31..2026-09-17 in 5s
[148/219] 47001 (575d64ff): 25,611 level days 1956-06-25..2026-09-17 in 7s
[149/219] 47004 (817d17c7): 22,076 level days 1966-03-01..2026-09-16 in 6s
[150/219] 47008 (d2cd29dc): 20,766 level days 1969-09-30..2026-09-17 in 5s
[151/219] 47009 (3c58b9ab): 20,756 level days 1969-10-11..2026-09-17 in 5s
[152/219] 48004 (f87436ec): 20,775 level days 1969-09-21..2026-09-16 in 5s
[153/219] 48005 (f516b38c): 21,100 level days 1968-10-31..2026-09-17 in 6s
[154/219] 48011 (a91dfed0): 23,863 level days 1961-03-31..2026-09-17 in 6s
[155/219] 49002 (54fea103): 21,402 level days 1968-01-03..2026-09-17 in 6s
[156/219] 49004 (6afb7ae1): 20,702 level days 1969-12-01..2026-09-16 in 6s
[157/219] 50001 (fafd42b9): 24,782 level days 1958-09-30..2026-09-17 in 6s
[158/219] 50002 (d2d2a44c): 23,658 level days 1960-07-31..2026-09-17 in 6s
[159/219] 50006 (c001fee0): 22,489 level days 1965-01-11..2026-09-17 in 6s
[160/219] 51001 (313ae80c): 15,605 level days 1967-01-01..2026-09-17 in 5s
[161/219] 52004 (404429da): 23,322 level days 1962-10-01..2026-09-17 in 5s
[162/219] 52005 (d7ea5745): 23,923 level days 1961-02-01..2026-09-17 in 6s
[163/219] 52006 (3b5fce31): 22,925 level days 1963-10-31..2026-09-17 in 6s
[164/219] 52007 (7998bf73): 21,919 level days 1966-07-05..2026-09-17 in 7s
[165/219] 52009 (d33ce11e): 12,638 level days 1964-01-01..2026-09-17 in 5s
[166/219] 52010 (34c9bee1): 22,396 level days 1964-10-01..2026-09-17 in 6s
[167/219] 53005 (06571677): 20,440 level days 1961-05-01..2026-08-04 in 5s
[168/219] 53006 (f4a37857): 15,674 level days 1961-09-01..2026-09-17 in 5s
[169/219] 53007 (29434d59): 22,215 level days 1961-09-01..2026-09-17 in 6s
[170/219] 53008 (00dfeaa4): 22,810 level days 1963-12-16..2026-09-17 in 5s
[171/219] 53009 (39b187a7): 22,128 level days 1965-12-31..2026-08-10 in 6s
[172/219] 53013 (09aaf1dd): 20,547 level days 1970-01-01..2026-09-17 in 6s
[173/219] 53018 (e1167305): 20,738 level days 1969-10-26..2026-09-17 in 6s
[174/219] 54001 (8820d897): 20,662 level days 1921-04-01..2026-09-17 in 6s
[175/219] 54002 (bbaa85be): 20,554 level days 1936-12-01..2026-09-17 in 6s
[176/219] 54005 (7237e282): 27,070 level days 1952-04-28..2026-09-17 in 6s
[177/219] 54007 (2ddf72d2): 17,511 level days 1978-01-01..2026-08-11 in 2s
[178/219] 54008 (2b62e149): 20,370 level days 1956-10-01..2026-09-17 in 6s
[179/219] 54012 (aded6ffd): 24,524 level days 1959-05-11..2026-08-11 in 6s
[180/219] 54015 (df197117): 22,299 level days 1961-09-26..2026-09-17 in 7s
[181/219] 54017 (adfc6cac): 23,702 level days 1961-07-21..2026-08-11 in 7s
[182/219] 54018 (d0bdcc52): 18,545 level days 1967-01-02..2026-09-17 in 6s
[183/219] 54019 (2708da58): 22,710 level days 1962-09-26..2026-09-17 in 7s
[184/219] 54020 (31eb9af5): 22,815 level days 1963-09-25..2026-09-17 in 6s
[185/219] 54024 (faba42fb): 20,501 level days 1969-03-21..2026-09-17 in 5s
[186/219] 54027 (f387d5f1): 20,875 level days 1969-04-01..2026-09-17 in 6s
[187/219] 54029 (a473e348): 20,493 level days 1970-04-01..2026-08-11 in 5s
[188/219] 54032 (f120647f): 20,356 level days 1970-06-05..2026-09-17 in 6s
[189/219] 54034 (c8f86ce2): 20,071 level days 1971-08-24..2026-09-17 in 6s
[190/219] 54036 (435a330f): 19,849 level days 1972-03-01..2026-09-17 in 6s
[191/219] 54057 (a1136eb6): 18,573 level days 1975-09-25..2026-09-17 in 5s
[192/219] 55002 (6bf1cadc): 19,127 level days 1944-01-01..2026-09-17 in 6s
[193/219] 55013 (e32552e7): 19,272 level days 1966-10-01..2026-09-17 in 6s
[194/219] 55014 (1f6aa0a7): 15,217 level days 1966-10-01..2026-09-17 in 5s
[195/219] 55018 (c19762f5): 15,257 level days 1968-10-01..2026-09-17 in 5s
[196/219] 55021 (f0ce59f5): 15,565 level days 1969-03-01..2026-09-16 in 5s
[197/219] 68001 (406a65e7): 17,743 level days 1977-12-29..2026-09-17 in 5s
[198/219] 68003 (99ef9f3b): 18,462 level days 1976-01-01..2026-09-17 in 5s
[199/219] 68004 (6655e67c): 18,658 level days 1957-10-01..2026-09-17 in 6s
[200/219] 68005 (9cee5ed4): 18,494 level days 1953-10-01..2026-09-17 in 5s
[201/219] 69015 (d7af3b3d): 19,796 level days 1971-03-16..2026-09-17 in 5s
[202/219] 69027 (ed9676ff): 19,546 level days 1969-12-30..2026-09-17 in 6s
[203/219] 71001 (6e4d9ef9): 18,448 level days 1960-05-01..2026-09-17 in 5s
[204/219] 71004 (b17f0895): 19,398 level days 1963-10-01..2026-09-17 in 6s
[205/219] 71006 (3d095df8): 18,478 level days 1976-01-01..2026-09-17 in 5s
[206/219] 72002 (bba59546): 18,472 level days 1963-10-01..2026-09-17 in 5s
[207/219] 72004 (9ad5d28c): 17,385 level days 1959-01-01..2026-09-17 in 5s
[208/219] 72005 (2df2593d): 18,297 level days 1969-09-01..2026-09-17 in 5s
[209/219] 73005 (7ffdc72e): 18,478 level days 1968-11-01..2026-09-17 in 5s
[210/219] 73010 (c9fb80f4): 18,425 level days 1939-01-01..2026-09-17 in 6s
[211/219] 73011 (62f76bbe): 17,599 level days 1970-08-01..2026-09-17 in 5s
[212/219] 74001 (bdd1ae70): 18,386 level days 1976-04-01..2026-09-17 in 5s
[213/219] 74006 (12ede3c0): 18,836 level days 1973-10-02..2026-09-17 in 5s
[214/219] 75003 (6152bfd2): 18,469 level days 1968-03-01..2026-09-17 in 5s
[215/219] 75004 (cdeb0ab1): 18,423 level days 1967-12-01..2026-09-17 in 5s
[216/219] 76005 (4879595c): 19,986 level days 1964-11-01..2026-09-17 in 6s
[217/219] 76007 (078cbfd9): 18,467 level days 1967-10-01..2026-09-17 in 5s
[218/219] 76008 (4d9c9969): 18,800 level days 1975-01-08..2026-09-17 in 5s
[219/219] 76011 (0a8b3311): 12,755 level days 1991-07-01..2026-09-17 in 4s
EA DAILY PULL DONE 2026-09-19 16:21:36.402669
=== level chain start Sat Sep 19 04:21:36 PM BST 2026
  217 stations, 4,121,481 rows in 14s
L1: 2,388,928 train rows, fitted in 120s
L1: wrote level_fc_L1.parquet (917,359 test rows, 217 stations)
  217 stations, 4,121,481 rows in 14s
L2: 2,386,502 train rows, fitted in 123s
L2: wrote level_fc_L2.parquet (916,095 test rows, 217 stations)
  217 stations, 4,121,481 rows in 14s
L3: 2,384,801 train rows, fitted in 134s
L3: wrote level_fc_L3.parquet (915,175 test rows, 217 stations)
=== LEVEL CHAIN v2 DONE Sat Sep 19 04:29:12 PM BST 2026
